ws  1 Dashboard  2 Repos  3 Dotfiles  4 Scratch  5 Logs  6 Capture  7 Ignore  8 Secrets  9 System
────────────────────────────────────────────────────────────────────────────────────────────────────
 Location                 File                                                          State
 default                  ws/captures/captures.md                                       exists
 work                     Work/captures/captures.md                                     not created

────────────────────────────────────────────────────────────────────────────────────────────────────
Loading…





















c pin clipboard • A amend last • w write note • e edit file • r refresh • tab next screen • ? help •
