ws  Dashboard¹  Repos²  Dotfiles³  Scratch⁴  Logs⁵  Capture⁶  Ignore⁷  Secrets⁸  Cron⁹  Trash⁰
────────────────────────────────────────────────────────────────────────────────────────────────────
 Location                 File                                                          State
 default                  ws/captures/captures.md                                       exists
 work                     Work/captures/captures.md                                     not created

── preview · esc back to list ──────────────────────────────────────────────────────────────────────
Loading…





















enter scroll preview • c pin clipboard • A amend last • w write note • e edit file • r refresh …
