ws  Dashboard¹  Repos²  Dotfiles³  Scratch⁴  Logs⁵  Capture⁶  Ignore⁷  Secrets⁸  Cron⁹  Trash⁰
────────────────────────────────────────────────────────────────────────────────────────────────────
2 jobs installed · 1 failing
 Job             Schedule      State          Last run          Description
 dotfile-push    0 * * * *     ✔ installed    2h ago            commit + push dotfiles
 repo-sync       */30 * * * *  ✔ installed    40m ago (exit 2)  sync repo fleet
 all             preset        not installed                    preset: dotfile-push, repo-sync






















enter view log • a install • d remove • r refresh • tab/⇧tab screens • ? help • q quit
