ws  1 Dashboard  2 Repos  3 Dotfiles  4 Scratch  5 Logs  6 Capture  7 Ignore  8 Secrets  9 System
────────────────────────────────────────────────────────────────────────────────────────────────────
Workspace /home/tester/Workspace

╭───────────────────────────────────────────────╮ ╭───────────────────────────────────────────────╮
│ Repos                                         │ │ Dotfiles                                      │
│ Loading…                                      │ │ Loading…                                      │
│                                               │ │                                               │
╰───────────────────────────────────────────────╯ ╰───────────────────────────────────────────────╯
╭───────────────────────────────────────────────╮ ╭───────────────────────────────────────────────╮
│ Scratch                                       │ │ Logs                                          │
│ Loading…                                      │ │ Loading…                                      │
│                                               │ │                                               │
╰───────────────────────────────────────────────╯ ╰───────────────────────────────────────────────╯
╭───────────────────────────────────────────────╮ ╭───────────────────────────────────────────────╮
│ Ignore                                        │ │ Secrets                                       │
│ Loading…                                      │ │ Loading…                                      │
│                                               │ │                                               │
╰───────────────────────────────────────────────╯ ╰───────────────────────────────────────────────╯
╭───────────────────────────────────────────────╮
│ System                                        │
│ Loading…                                      │
│                                               │
╰───────────────────────────────────────────────╯





↑/k up • ↓/j down • enter open • r refresh all • tab next screen • ? help • q quit
