ws  Dashboard¹  Repos²  Dotfiles³  Scratch⁴  Logs⁵  Capture⁶  Ignore⁷  Secrets⁸  Cron⁹  Trash⁰
────────────────────────────────────────────────────────────────────────────────────────────────────
Reset dotfiles

› [ ] Reset all 3 managed dotfiles  (restores originals, unregisters all)
























space toggle • a all/none • enter apply • esc back
