ws  1 Dashboard  2 Repos  3 Dotfiles  4 Scratch  5 Logs  6 Capture  7 Ignore  8 Secrets  9 System
────────────────────────────────────────────────────────────────────────────────────────────────────
Reset dotfiles

› [ ] Reset all 3 managed dotfiles  (restores originals, unregisters all)
























space toggle • a all/none • enter apply • esc back
