ws  Dashboard¹  Repos²  Dotfiles³  Scratch⁴  Logs⁵  Capture⁶  Ignore⁷  Secrets⁸  Cron⁹  Trash⁰
────────────────────────────────────────────────────────────────────────────────────────────────────
 System path                                    Stored as                       Status         Sudo
 ~/.bashrc                                      bashrc                          ✔ ok
 ~/.gitconfig                                   gitconfig                       ✘ broken
 /etc/hosts                                     etc/hosts                       ⚠ overwritten  yes























a add • d remove • x fix links • p git push • v git status/log • r refresh • tab/⇧tab screens …
