ws  Dashboard¹  Repos²  Dotfiles³  Scratch⁴  Logs⁵  Capture⁶  Ignore⁷  Secrets⁸  Cron⁹  Trash⁰
────────────────────────────────────────────────────────────────────────────────────────────────────
4 repos · 1 dirty · 1 ahead · 1 behind · 1 issue
 Repo                                           State        ↑    ↓    Issues  Branch
 Projects/api                                   ✔ clean      ·    ·            main
 Projects/web                                   ● dirty      2    ·    1       feature/login
 Projects/old                                   ✔ clean      ·    5            (detached)
 ~/.password-store                              no upstream  ·    ·            master


















↑/k up        enter details      s sync (merge)      x run command    tab       next screen    …
↓/j down      f     fetch all    S sync (rebase)     a add root       shift+tab prev screen
g   top       r     refresh      p pull (ff-only)                     1-0       jump to screen
G   bottom    esc   back         P pull --rebase
