ws  1 Dashboard  2 Repos  3 Dotfiles  4 Scratch  5 Logs  6 Capture  7 Ignore  8 Secrets  9 System
────────────────────────────────────────────────────────────────────────────────────────────────────
2 violations · 1 in safe harbors
 Severity  Type          Size       Path
 CRITICAL  bloat         220.0 MB   Projects/web/dump.log
 WARNING   depth         7 lvl      Notes/a/b/c/d/e/f/g
 harbor    bloat         40.0 MB    Data/bruno/node_modules






















e exclude • h safe-harbor parent • m move to scratch • d delete • c check path • r rescan …
