ws  Dashboard¹  Repos²  Dotfiles³  Scratch⁴  Logs⁵  Capture⁶  Ignore⁷  Secrets⁸  Cron⁹  Trash⁰
────────────────────────────────────────────────────────────────────────────────────────────────────
2 violations · 1 in safe harbors
 Severity  Type          Size       Path
 CRITICAL  bloat         220.0 MB   Projects/web/dump.log
 WARNING   depth         7 lvl      Notes/a/b/c/d/e/f/g
 harbor    bloat         40.0 MB    Data/bruno/node_modules






















e exclude • h safe-harbor parent • m move to scratch • d delete • c check path • r rescan …
