ws  Dashboard¹  Repos²  Dotfiles³  Scratch⁴  Logs⁵  Capture⁶  Ignore⁷  Secrets⁸  Cron⁹  Trash⁰
────────────────────────────────────────────────────────────────────────────────────────────────────
 Tag                                       Started           Duration  Cmds  Size       State
 deploy-fix                                2026-09-30 14:05  —         12    40.0 KB    ● recording
 rsync-backup                              2026-09-28 09:30  31m 05s   7     8.0 KB     done
























enter view • s start recording • x stop recording • / search • d delete • P prune • tab/⇧tab screens
