ws  🏠¹  📦²  🔗³  🧪⁴  📼⁵  📌⁶  🧹⁷  🔐⁸  ⏰⁹  🚮⁰
────────────────────────────────────────────────────────────────────────────────
4 repos · 1 dirty · 1 ahead · 1 behind · 1 issue
 Repo                            State        ↑    ↓    Issues  Branch
 Projects/api                    ✔ clean      ·    ·            main
 Projects/web                    ● dirty      2    ·    1       feature/login
 Projects/old                    ✔ clean      ·    5            (detached)
 ~/.password-store               no upstream  ·    ·            master














✅ 3 done · 1 skipped
enter details • s sync (merge) • p pull (ff-only) • f fetch all • x run command
