ws  Dashboard¹  Repos²  Dotfiles³  Scratch⁴  Logs⁵  Capture⁶  Ignore⁷  Secrets⁸  Cron⁹  Trash⁰
────────────────────────────────────────────────────────────────────────────────────────────────────
Projects/web

Path       /home/tester/Workspace/Projects/web
Branch     feature/login
State      ● dirty
Upstream   ↑2 ↓0

Hygiene
warn  identity user.email not set


















↑/k scroll up • ↓/j scroll down • esc back • tab/⇧tab screens • ? help • q quit
