ws  1 Dashboard  2 Repos  3 Dotfiles  4 Scratch  5 Logs  6 Capture  7 Ignore  8 Secrets  9 System
────────────────────────────────────────────────────────────────────────────────────────────────────
New scratch directory
Existing names are listed so you can pick a distinctive one.

› dn

  dns-debug.2026-09





















enter submit • tab complete • esc back
