ws  Dashboard¹  Repos²  Dotfiles³  Scratch⁴  Logs⁵  Capture⁶  Ignore⁷  Secrets⁸  Cron⁹  Trash⁰
────────────────────────────────────────────────────────────────────────────────────────────────────
New scratch directory
Existing names are listed so you can pick a distinctive one.

› dn

  dns-debug.2026-09





















enter submit • tab complete • esc back
