ws  Dashboard¹  Repos²  Dotfiles³  Scratch⁴  Logs⁵  Capture⁶  Ignore⁷  Secrets⁸  Cron⁹  Trash⁰
────────────────────────────────────────────────────────────────────────────────────────────────────
 Name                                          Age    Size       Items  Tags
 dns-debug.2026-09                             3h     2.0 KB     4      dns, network
 proxy-timeout.2026-08                         120d   5.0 MB     17
























n new • enter open in editor • t tag • / search • d delete • P prune old • tab/⇧tab screens • ? help
