ws  Dashboard¹  Repos²  Dotfiles³  Scratch⁴  Logs⁵  Capture⁶  Ignore⁷  Secrets⁸  Cron⁹  Trash⁰
────────────────────────────────────────────────────────────────────────────────────────────────────
Prune scratch directories
1 directory older than 90 days pre-selected.

› [ ] Remove dns-debug.2026-09  2.0 KB, 3h old
  [x] Remove proxy-timeout.2026-08  5.0 MB, 120d old






















space toggle • a all/none • enter apply • esc back
