ws  1 Dashboard  2 Repos  3 Dotfiles  4 Scratch  5 Logs  6 Capture  7 Ignore  8 Secrets  9 System
────────────────────────────────────────────────────────────────────────────────────────────────────
 Name                                          Age    Size       Items  Tags
 dns-debug.2026-09                             3h     2.0 KB     4      dns, network
 proxy-timeout.2026-08                         120d   5.0 MB     17
























n new • enter open in editor • t tag • / search • d delete • P prune old • tab next screen • ? help
