ws  Dashboard¹  Repos²  Dotfiles³  Scratch⁴  Logs⁵  Capture⁶  Ignore⁷  Secrets⁸  Cron⁹  Trash⁰
────────────────────────────────────────────────────────────────────────────────────────────────────
Tag dns-debug.2026-09
Comma-separated. Current: dns, network

› n























enter submit • tab complete • esc back
