ws  Dashboard¹  Repos²  Dotfiles³  Scratch⁴  Logs⁵  Capture⁶  Ignore⁷  Secrets⁸  Cron⁹  Trash⁰
────────────────────────────────────────────────────────────────────────────────────────────────────
✔ pass  ✔ store (42 entries)  ✔ git  ⚠ no remote  ✘ credential helper
1 finding
 Severity  Location                                  Match
 CRITICAL  Projects/api/.env:3                       password=hunter2























enter view context • l allowlist • e exclude file • p move to pass • D skip dir • r rescan …
