ws  1 Dashboard  2 Repos  3 Dotfiles  4 Scratch  5 Logs  6 Capture  7 Ignore  8 Secrets  9 System
────────────────────────────────────────────────────────────────────────────────────────────────────
✔ pass  ✔ store (42 entries)  ✔ git  ⚠ no remote  ✘ credential helper
1 finding
 Severity  Location                                  Match
 CRITICAL  Projects/api/.env:3                       password=hunter2























enter view context • l allowlist • e exclude file • p move to pass • D skip dir • r rescan …
