ws  Dashboard¹  Repos²  Dotfiles³  Scratch⁴  Logs⁵  Capture⁶  Ignore⁷  Secrets⁸  Cron⁹  Trash⁰
────────────────────────────────────────────────────────────────────────────────────────────────────
Empty trash

› [x] Permanently delete 12 files (3.0 MB) in /home/tester/.Trash
























space toggle • a all/none • enter apply • esc back
